exports[`LayoutDropdown snapshot renders correctly 1`] = `
<li
  className="dropdown">
  <a
    className="dropdown-toggle"
    data-toggle="dropdown"
    href="#">
    Set Layout 
    <b
      className="caret" />
  </a>
  <ul
    className="dropdown-menu">
    <li
      onClick={[Function bound handleClick]}>
      <a
        href="#">
        Single View
      </a>
    </li>
    <li
      onClick={[Function bound handleClick]}>
      <a
        href="#">
        Split View
      </a>
    </li>
    <li
      onClick={[Function bound handleClick]}>
      <a
        href="#">
        \"1+2\" View
      </a>
    </li>
    <li
      onClick={[Function bound handleClick]}>
      <a
        href="#">
        Quad View
      </a>
    </li>
    <li
      onClick={[Function bound handleClick]}>
      <a
        href="#">
        \"1+3\" View
      </a>
    </li>
    <li
      onClick={[Function bound handleClick]}>
      <a
        href="#">
        \"1+4\" View
      </a>
    </li>
    <li
      onClick={[Function bound handleClick]}>
      <a
        href="#">
        Hex View
      </a>
    </li>
    <li
      onClick={[Function bound handleClick]}>
      <a
        href="#">
        Octo-View
      </a>
    </li>
    <li
      onClick={[Function bound handleClick]}>
      <a
        href="#">
        Nona-View
      </a>
    </li>
  </ul>
</li>
`;
